// Jest Snapshot v1, https://goo.gl/fbAQLP

exports[`<PageTitle> spec renders 1`] = `
<h1
  className="PageTitle"
>
  title
</h1>
`;
